// Jest Snapshot v1, https://goo.gl/fbAQLP

exports[`<Profile/> matches snapshot 1`] = `
<div>
  <div>
    <b>
      velopert
    </b>
     
    <span>
      (
      이예림
      )
    </span>
  </div>
</div>
`;
